MATCH  01_hello.co
MATCH  02_variables.co
MATCH  03_literals_casts.co
MATCH  04_conditionals.co
MATCH  05_loops_ranges.co
MATCH  06_functions_params.co
MATCH  07_closures_captures.co
MATCH  08_comprehensions.co
MATCH  09_match_guards_ranges.co
MATCH  10_patterns_destructuring.co
MATCH  11_structs_methods.co
MATCH  12_enums_exhaustive.co
MATCH  13_traits_dispatch.co
MATCH  14_generics_bounds.co
MATCH  15_operator_overloading.co
MATCH  16_collections_slices.co
MATCH  17_tuples_swap.co
MATCH  18_optionals_nil_safe.co
MATCH  19_results_try_propagation.co
MATCH  20_defer_panic.co
MATCH  21_modules_visibility.co
MATCH  22_spawn_channels_join.co
MATCH  23_select_multiplex.co
MATCH  24_ffi_unsafe.co
MATCH  25_operator_precedence.co
MATCH  26_iterators_views.co
MATCH  27_value_semantics_copy.co
MATCH  28_weak_references.co
MATCH  29_arena_allocation.co
MATCH  30_capstone_wordcount.co
MATCH  31_advanced_patterns.co
MATCH  32_conventions.co
MATCH  34_batteries.co
MATCH  35_try_catch.co
MATCH  36_oop.co
MATCH  37_dynamic_any.co
MATCH  38_patterns_power.co
MATCH  39_builtin_methods.co
MATCH  40_keywords.co
MATCH  41_generators.co
MATCH  42_control_goto_gather.co
MATCH  43_nested_constructs.co
MATCH  44_block_closures.co
RESULT: 43 matched, 0 failed, 0 hung
